// Jest Snapshot v1, https://goo.gl/fbAQLP

exports[`Collapse open collapse 1`] = `
.c0 {
  color: inherit;
  overflow: hidden;
  -webkit-transition: height 300ms cubic-bezier(0.4,0,0.2,1) 0ms;
  transition: height 300ms cubic-bezier(0.4,0,0.2,1) 0ms;
  height: 0;
}

<div>
  <div>
    <div>
      <button>
        click
      </button>
    </div>
    <div
      class="c0"
      style="height: 0px;"
    >
      <div
        class=""
      >
        content
      </div>
    </div>
  </div>
</div>
`;
