// Jest Snapshot v1, https://goo.gl/fbAQLP

exports[`FeatureScrollBar basic 1`] = `
.c0 {
  width: 6px;
  height: 168px;
  border: 0 solid rgba(0,0,0,0.1);
  border-radius: 10px;
  background: rgba(0,0,0,0.1);
}

.c1 {
  width: 6px;
  height: 33.33333333333333%;
  -webkit-transition: height 0.8s;
  transition: height 0.8s;
  border: 0 solid #ffffff;
  border-radius: 10px;
  background: #ffffff;
}

<div>
  <div
    class="c0"
  >
    <div
      class="c1"
      value="33.33333333333333"
    />
  </div>
</div>
`;
